// Vitest Snapshot v1, https://vitest.dev/guide/snapshot.html

exports[`App component > renders Homepage properly 1`] = `
{
  "asFragment": [Function],
  "baseElement": <body>
    <div>
      <div
        class="sc-jhZTHU euVtHf"
      >
        <header
          class="sc-dstKZu dHBwHX"
        >
          <div
            class="sc-keTIit eSzApg"
          >
            <a
              data-discover="true"
              href="/"
              style="color: rgb(29, 78, 216);"
            >
              Home
            </a>
            <a
              data-discover="true"
              href="/shop"
              style="color: rgb(29, 78, 216);"
            >
              Shop
            </a>
          </div>
          <div
            class="sc-jwIPbr fyKCMZ"
          >
            Something Shop
          </div>
          <div
            class="sc-dpBQxM kiFWGY"
          >
            <div
              class="sc-keTIit eSzApg showCartButton"
            >
              <svg
                class="showCartButton"
                role="presentation"
                style="width: 1.5rem; height: 1.5rem;"
                viewBox="0 0 24 24"
              >
                <path
                  d="M17,18C15.89,18 15,18.89 15,20A2,2 0 0,0 17,22A2,2 0 0,0 19,20C19,18.89 18.1,18 17,18M1,2V4H3L6.6,11.59L5.24,14.04C5.09,14.32 5,14.65 5,15A2,2 0 0,0 7,17H19V15H7.42A0.25,0.25 0 0,1 7.17,14.75C7.17,14.7 7.18,14.66 7.2,14.63L8.1,13H15.55C16.3,13 16.96,12.58 17.3,11.97L20.88,5.5C20.95,5.34 21,5.17 21,5A1,1 0 0,0 20,4H5.21L4.27,2M7,18C5.89,18 5,18.89 5,20A2,2 0 0,0 7,22A2,2 0 0,0 9,20C9,18.89 8.1,18 7,18Z"
                  style="fill: currentColor;"
                />
              </svg>
              <div>
                Cart
              </div>
            </div>
          </div>
        </header>
        <main
          class="sc-cHqXqK fKnaqh"
        >
          <h1
            class="sc-ovuCP ecMAHf"
          >
            Welcome to Something Something Shop
          </h1>
          <h2
            class="sc-jtQUzJ gSOomK"
          >
            Enjoy your Shopping!
          </h2>
          <div
            class="sc-cEzcPc fJcLT"
          >
            <a
              data-discover="true"
              href="/shop"
              style="font-size: 1.5rem; color: rgb(109, 40, 217);"
            >
              Start Shopping
            </a>
          </div>
        </main>
      </div>
    </div>
  </body>,
  "container": <div>
    <div
      class="sc-jhZTHU euVtHf"
    >
      <header
        class="sc-dstKZu dHBwHX"
      >
        <div
          class="sc-keTIit eSzApg"
        >
          <a
            data-discover="true"
            href="/"
            style="color: rgb(29, 78, 216);"
          >
            Home
          </a>
          <a
            data-discover="true"
            href="/shop"
            style="color: rgb(29, 78, 216);"
          >
            Shop
          </a>
        </div>
        <div
          class="sc-jwIPbr fyKCMZ"
        >
          Something Shop
        </div>
        <div
          class="sc-dpBQxM kiFWGY"
        >
          <div
            class="sc-keTIit eSzApg showCartButton"
          >
            <svg
              class="showCartButton"
              role="presentation"
              style="width: 1.5rem; height: 1.5rem;"
              viewBox="0 0 24 24"
            >
              <path
                d="M17,18C15.89,18 15,18.89 15,20A2,2 0 0,0 17,22A2,2 0 0,0 19,20C19,18.89 18.1,18 17,18M1,2V4H3L6.6,11.59L5.24,14.04C5.09,14.32 5,14.65 5,15A2,2 0 0,0 7,17H19V15H7.42A0.25,0.25 0 0,1 7.17,14.75C7.17,14.7 7.18,14.66 7.2,14.63L8.1,13H15.55C16.3,13 16.96,12.58 17.3,11.97L20.88,5.5C20.95,5.34 21,5.17 21,5A1,1 0 0,0 20,4H5.21L4.27,2M7,18C5.89,18 5,18.89 5,20A2,2 0 0,0 7,22A2,2 0 0,0 9,20C9,18.89 8.1,18 7,18Z"
                style="fill: currentColor;"
              />
            </svg>
            <div>
              Cart
            </div>
          </div>
        </div>
      </header>
      <main
        class="sc-cHqXqK fKnaqh"
      >
        <h1
          class="sc-ovuCP ecMAHf"
        >
          Welcome to Something Something Shop
        </h1>
        <h2
          class="sc-jtQUzJ gSOomK"
        >
          Enjoy your Shopping!
        </h2>
        <div
          class="sc-cEzcPc fJcLT"
        >
          <a
            data-discover="true"
            href="/shop"
            style="font-size: 1.5rem; color: rgb(109, 40, 217);"
          >
            Start Shopping
          </a>
        </div>
      </main>
    </div>
  </div>,
  "debug": [Function],
  "findAllByAltText": [Function],
  "findAllByDisplayValue": [Function],
  "findAllByLabelText": [Function],
  "findAllByPlaceholderText": [Function],
  "findAllByRole": [Function],
  "findAllByTestId": [Function],
  "findAllByText": [Function],
  "findAllByTitle": [Function],
  "findByAltText": [Function],
  "findByDisplayValue": [Function],
  "findByLabelText": [Function],
  "findByPlaceholderText": [Function],
  "findByRole": [Function],
  "findByTestId": [Function],
  "findByText": [Function],
  "findByTitle": [Function],
  "getAllByAltText": [Function],
  "getAllByDisplayValue": [Function],
  "getAllByLabelText": [Function],
  "getAllByPlaceholderText": [Function],
  "getAllByRole": [Function],
  "getAllByTestId": [Function],
  "getAllByText": [Function],
  "getAllByTitle": [Function],
  "getByAltText": [Function],
  "getByDisplayValue": [Function],
  "getByLabelText": [Function],
  "getByPlaceholderText": [Function],
  "getByRole": [Function],
  "getByTestId": [Function],
  "getByText": [Function],
  "getByTitle": [Function],
  "queryAllByAltText": [Function],
  "queryAllByDisplayValue": [Function],
  "queryAllByLabelText": [Function],
  "queryAllByPlaceholderText": [Function],
  "queryAllByRole": [Function],
  "queryAllByTestId": [Function],
  "queryAllByText": [Function],
  "queryAllByTitle": [Function],
  "queryByAltText": [Function],
  "queryByDisplayValue": [Function],
  "queryByLabelText": [Function],
  "queryByPlaceholderText": [Function],
  "queryByRole": [Function],
  "queryByTestId": [Function],
  "queryByText": [Function],
  "queryByTitle": [Function],
  "rerender": [Function],
  "unmount": [Function],
}
`;
